// Jest Snapshot v1, https://goo.gl/fbAQLP

exports[`Testing Action's type 1`] = `"ADD_TO_FAVORITES"`;

exports[`Testing Action's type 2`] = `"CHANGE_VIEW"`;

exports[`Testing Action's type 3`] = `"SAVE_BIG_PIC"`;
